features from cache /g67/work/feat_w1003_1330.npz
    refine: 3255 accepted of 300000 proposals; checkpoint imbalance 4.752e+00
  assigned b00: 3880 sessions (866 with load in the windows)
    refine: 4686 accepted of 300000 proposals; checkpoint imbalance 4.062e+00
  assigned b01: 3850 sessions (900 with load in the windows)
    refine: 5203 accepted of 300000 proposals; checkpoint imbalance 3.967e+00
  assigned b02: 3880 sessions (859 with load in the windows)
    refine: 5125 accepted of 300000 proposals; checkpoint imbalance 5.859e+00
  assigned b03: 3834 sessions (806 with load in the windows)
check b00,b01,b02:0.33: node offers 7.49 M TPM/GPU over 8 GPUs (5858 measured requests, 629 active sessions); warm-up set 499 sessions 59.9 M tokens
  q0: 7.44 M TPM/GPU over 2 GPUs | share tokens 24.8% requests 25.1% uncached 23.8% sessions 25.0% lead 26.1% warm 22.9% | per-minute token share min/med/max 21.3/25.2/27.1% request share 23.3/24.8/27.7%
  q1: 7.51 M TPM/GPU over 2 GPUs | share tokens 25.1% requests 25.1% uncached 27.0% sessions 25.4% lead 24.1% warm 27.5% | per-minute token share min/med/max 22.5/25.0/28.4% request share 22.6/25.1/27.1%
  q2: 7.66 M TPM/GPU over 2 GPUs | share tokens 25.6% requests 25.3% uncached 24.9% sessions 24.6% lead 24.7% warm 22.3% | per-minute token share min/med/max 22.6/25.4/28.7% request share 23.2/25.3/26.7%
  q3: 7.36 M TPM/GPU over 2 GPUs | share tokens 24.6% requests 24.5% uncached 24.2% sessions 25.0% lead 25.2% warm 27.3% | per-minute token share min/med/max 20.5/24.9/26.6% request share 22.3/24.3/28.3%
  worst per-minute share (tokens or requests) of any quarter: 25% +- 4.5 points
check b00,b01,b02:0.45: node offers 7.66 M TPM/GPU over 8 GPUs (6014 measured requests, 653 active sessions); warm-up set 489 sessions 59.9 M tokens
  q0: 7.54 M TPM/GPU over 2 GPUs | share tokens 24.6% requests 24.9% uncached 23.8% sessions 24.8% lead 25.7% warm 22.7% | per-minute token share min/med/max 20.7/25.1/26.5% request share 22.5/25.1/27.4%
  q1: 7.67 M TPM/GPU over 2 GPUs | share tokens 25.0% requests 25.2% uncached 26.6% sessions 25.4% lead 24.2% warm 27.1% | per-minute token share min/med/max 22.6/25.4/28.0% request share 23.2/25.1/27.2%
  q2: 7.74 M TPM/GPU over 2 GPUs | share tokens 25.2% requests 25.0% uncached 24.7% sessions 24.7% lead 24.5% warm 22.9% | per-minute token share min/med/max 22.7/25.1/28.0% request share 23.0/24.6/26.5%
  q3: 7.69 M TPM/GPU over 2 GPUs | share tokens 25.1% requests 24.9% uncached 25.0% sessions 25.1% lead 25.6% warm 27.3% | per-minute token share min/med/max 21.9/25.2/27.1% request share 23.4/24.9/28.2%
  worst per-minute share (tokens or requests) of any quarter: 25% +- 4.3 points
check b00,b01:1.0: node offers 6.02 M TPM/GPU over 8 GPUs (4906 measured requests, 537 active sessions); warm-up set 507 sessions 59.5 M tokens
  q0: 5.92 M TPM/GPU over 2 GPUs | share tokens 24.6% requests 25.4% uncached 24.3% sessions 24.8% lead 25.3% warm 23.6% | per-minute token share min/med/max 20.2/24.5/27.6% request share 22.8/25.2/27.8%
  q1: 6.05 M TPM/GPU over 2 GPUs | share tokens 25.1% requests 25.0% uncached 25.8% sessions 25.1% lead 24.5% warm 26.5% | per-minute token share min/med/max 21.7/25.3/27.9% request share 22.1/25.5/26.5%
  q2: 6.12 M TPM/GPU over 2 GPUs | share tokens 25.4% requests 25.0% uncached 25.9% sessions 24.9% lead 23.8% warm 23.8% | per-minute token share min/med/max 22.9/25.4/28.6% request share 23.2/24.8/26.5%
  q3: 5.98 M TPM/GPU over 2 GPUs | share tokens 24.8% requests 24.6% uncached 24.0% sessions 25.1% lead 26.4% warm 26.1% | per-minute token share min/med/max 22.1/24.8/27.6% request share 22.0/24.4/29.1%
  worst per-minute share (tokens or requests) of any quarter: 25% +- 4.8 points
check b00:1.0: node offers 3.05 M TPM/GPU over 8 GPUs (2402 measured requests, 270 active sessions); warm-up set 709 sessions 56.8 M tokens
  q0: 3.01 M TPM/GPU over 2 GPUs | share tokens 24.7% requests 25.4% uncached 24.3% sessions 24.8% lead 26.3% warm 25.0% | per-minute token share min/med/max 20.2/24.7/27.9% request share 22.5/26.0/28.1%
  q1: 3.00 M TPM/GPU over 2 GPUs | share tokens 24.6% requests 25.5% uncached 24.3% sessions 25.2% lead 25.7% warm 25.0% | per-minute token share min/med/max 22.3/24.5/27.1% request share 22.9/25.3/29.8%
  q2: 3.15 M TPM/GPU over 2 GPUs | share tokens 25.9% requests 24.7% uncached 26.5% sessions 24.8% lead 24.2% warm 25.0% | per-minute token share min/med/max 21.7/25.3/30.8% request share 21.9/25.0/26.4%
  q3: 3.03 M TPM/GPU over 2 GPUs | share tokens 24.8% requests 24.3% uncached 24.9% sessions 25.2% lead 23.7% warm 25.0% | per-minute token share min/med/max 22.5/24.6/30.3% request share 20.5/24.4/26.7%
  worst per-minute share (tokens or requests) of any quarter: 25% +- 5.8 points
check b00,b01,b02,b03:1.0: node offers 11.65 M TPM/GPU over 8 GPUs (9386 measured requests, 1020 active sessions); warm-up set 412 sessions 59.9 M tokens
  q0: 11.48 M TPM/GPU over 2 GPUs | share tokens 24.6% requests 25.4% uncached 26.8% sessions 24.9% lead 25.8% warm 21.2% | per-minute token share min/med/max 22.6/24.9/26.1% request share 24.3/25.2/27.1%
  q1: 11.69 M TPM/GPU over 2 GPUs | share tokens 25.1% requests 24.9% uncached 24.8% sessions 25.1% lead 24.6% warm 25.5% | per-minute token share min/med/max 23.0/25.1/27.9% request share 23.0/25.2/26.0%
  q2: 11.76 M TPM/GPU over 2 GPUs | share tokens 25.2% requests 25.0% uncached 24.6% sessions 25.0% lead 24.3% warm 23.4% | per-minute token share min/med/max 23.4/25.2/27.2% request share 23.6/24.8/26.4%
  q3: 11.69 M TPM/GPU over 2 GPUs | share tokens 25.1% requests 24.8% uncached 23.8% sessions 25.0% lead 25.4% warm 29.9% | per-minute token share min/med/max 22.9/25.4/26.2% request share 23.6/24.6/26.6%
  worst per-minute share (tokens or requests) of any quarter: 25% +- 2.9 points
wrote /g67/quad_plan_w1003_1330.json: 15444 sessions, quarters [3842, 3875, 3887, 3840], duplicate keys across buckets 0, 9 s
features from cache /g67/work/feat_w0930_1310.npz
    refine: 8388 accepted of 300000 proposals; checkpoint imbalance 1.423e+00
  assigned b00: 12933 sessions (4088 with load in the windows)
    refine: 10564 accepted of 300000 proposals; checkpoint imbalance 1.981e+00
  assigned b01: 12913 sessions (4133 with load in the windows)
    refine: 9454 accepted of 300000 proposals; checkpoint imbalance 1.888e+00
  assigned b02: 12989 sessions (4130 with load in the windows)
    refine: 11313 accepted of 300000 proposals; checkpoint imbalance 2.315e+00
  assigned b03: 13075 sessions (4145 with load in the windows)
check b00,b01:1.0: node offers 6.78 M TPM/GPU over 8 GPUs (9721 measured requests, 2087 active sessions); warm-up set 2056 sessions 60.0 M tokens
  q0: 6.81 M TPM/GPU over 2 GPUs | share tokens 25.1% requests 25.1% uncached 24.5% sessions 25.0% lead 25.6% warm 26.0% | per-minute token share min/med/max 22.7/24.6/27.7% request share 24.6/25.0/25.8%
  q1: 6.79 M TPM/GPU over 2 GPUs | share tokens 25.0% requests 24.9% uncached 24.8% sessions 25.1% lead 24.8% warm 24.6% | per-minute token share min/med/max 23.6/25.0/27.0% request share 24.4/25.0/25.2%
  q2: 6.73 M TPM/GPU over 2 GPUs | share tokens 24.8% requests 25.1% uncached 23.9% sessions 25.0% lead 24.9% warm 23.9% | per-minute token share min/med/max 22.5/24.8/26.8% request share 24.3/25.2/25.9%
  q3: 6.79 M TPM/GPU over 2 GPUs | share tokens 25.0% requests 24.9% uncached 26.8% sessions 25.0% lead 24.7% warm 25.5% | per-minute token share min/med/max 22.8/24.5/29.0% request share 24.3/24.9/26.0%
  worst per-minute share (tokens or requests) of any quarter: 25% +- 4.0 points
check b00,b01,b02:0.25: node offers 7.71 M TPM/GPU over 8 GPUs (11057 measured requests, 2328 active sessions); warm-up set 1924 sessions 60.0 M tokens
  q0: 7.80 M TPM/GPU over 2 GPUs | share tokens 25.3% requests 25.2% uncached 24.7% sessions 25.0% lead 25.0% warm 27.6% | per-minute token share min/med/max 23.3/24.8/29.0% request share 24.3/25.2/26.1%
  q1: 7.56 M TPM/GPU over 2 GPUs | share tokens 24.5% requests 24.7% uncached 25.7% sessions 25.1% lead 23.8% warm 25.4% | per-minute token share min/med/max 22.3/24.3/28.0% request share 24.0/24.7/25.6%
  q2: 7.72 M TPM/GPU over 2 GPUs | share tokens 25.1% requests 24.9% uncached 23.4% sessions 25.0% lead 24.3% warm 22.2% | per-minute token share min/med/max 22.9/25.1/26.6% request share 24.1/25.2/25.9%
  q3: 7.75 M TPM/GPU over 2 GPUs | share tokens 25.1% requests 25.1% uncached 26.2% sessions 24.9% lead 26.8% warm 24.8% | per-minute token share min/med/max 22.7/24.5/29.7% request share 24.3/24.9/26.7%
  worst per-minute share (tokens or requests) of any quarter: 25% +- 4.7 points
check b00,b01,b02:0.5: node offers 8.58 M TPM/GPU over 8 GPUs (12391 measured requests, 2562 active sessions); warm-up set 1811 sessions 60.0 M tokens
  q0: 8.73 M TPM/GPU over 2 GPUs | share tokens 25.4% requests 24.8% uncached 25.9% sessions 25.0% lead 25.2% warm 27.6% | per-minute token share min/med/max 22.2/24.9/29.7% request share 23.7/24.7/25.5%
  q1: 8.40 M TPM/GPU over 2 GPUs | share tokens 24.5% requests 24.9% uncached 24.4% sessions 25.2% lead 24.1% warm 26.7% | per-minute token share min/med/max 21.4/24.4/27.1% request share 24.0/25.0/25.7%
  q2: 8.62 M TPM/GPU over 2 GPUs | share tokens 25.1% requests 25.5% uncached 23.8% sessions 24.8% lead 25.1% warm 20.2% | per-minute token share min/med/max 21.6/25.0/28.1% request share 24.0/25.7/26.9%
  q3: 8.55 M TPM/GPU over 2 GPUs | share tokens 24.9% requests 24.8% uncached 25.9% sessions 25.0% lead 25.6% warm 25.6% | per-minute token share min/med/max 22.6/24.6/28.1% request share 24.0/24.7/26.3%
  worst per-minute share (tokens or requests) of any quarter: 25% +- 4.7 points
check b00:1.0: node offers 3.45 M TPM/GPU over 8 GPUs (4924 measured requests, 1018 active sessions); warm-up set 2619 sessions 60.0 M tokens
  q0: 3.49 M TPM/GPU over 2 GPUs | share tokens 25.3% requests 25.2% uncached 24.7% sessions 24.9% lead 25.3% warm 25.0% | per-minute token share min/med/max 22.5/25.5/27.1% request share 24.4/24.9/26.5%
  q1: 3.46 M TPM/GPU over 2 GPUs | share tokens 25.0% requests 25.1% uncached 23.3% sessions 24.9% lead 25.4% warm 26.4% | per-minute token share min/med/max 23.4/24.5/28.4% request share 24.2/25.1/25.9%
  q2: 3.46 M TPM/GPU over 2 GPUs | share tokens 25.1% requests 24.9% uncached 24.0% sessions 25.1% lead 24.6% warm 24.7% | per-minute token share min/med/max 23.3/24.6/27.1% request share 23.9/24.8/26.1%
  q3: 3.39 M TPM/GPU over 2 GPUs | share tokens 24.6% requests 24.9% uncached 28.1% sessions 24.9% lead 24.8% warm 23.9% | per-minute token share min/med/max 21.3/24.6/28.1% request share 24.1/24.9/25.6%
  worst per-minute share (tokens or requests) of any quarter: 25% +- 3.7 points
check b00,b01,b02,b03:1.0: node offers 13.18 M TPM/GPU over 8 GPUs (18945 measured requests, 4000 active sessions); warm-up set 1356 sessions 59.8 M tokens
  q0: 13.16 M TPM/GPU over 2 GPUs | share tokens 25.0% requests 25.1% uncached 24.3% sessions 24.9% lead 25.2% warm 23.4% | per-minute token share min/med/max 23.5/24.8/27.6% request share 24.6/25.1/25.5%
  q1: 13.23 M TPM/GPU over 2 GPUs | share tokens 25.1% requests 24.9% uncached 25.6% sessions 25.1% lead 24.7% warm 29.0% | per-minute token share min/med/max 23.8/24.9/26.8% request share 24.2/24.9/25.3%
  q2: 13.11 M TPM/GPU over 2 GPUs | share tokens 24.9% requests 25.1% uncached 25.0% sessions 24.9% lead 25.1% warm 25.2% | per-minute token share min/med/max 22.8/24.8/27.4% request share 24.6/25.1/25.6%
  q3: 13.23 M TPM/GPU over 2 GPUs | share tokens 25.1% requests 25.0% uncached 25.1% sessions 25.0% lead 25.1% warm 22.4% | per-minute token share min/med/max 22.8/25.4/26.2% request share 24.5/25.0/25.6%
  worst per-minute share (tokens or requests) of any quarter: 25% +- 2.6 points
wrote /g67/quad_plan_w0930_1310.json: 51910 sessions, quarters [13041, 12843, 12863, 13163], duplicate keys across buckets 0, 10 s
build_plans rc=0
